{"level":"info","message":"BullBoard dashboard available at http://localhost:4100/admin/queues","timestamp":"2026-05-31 15:35:13"}
{"level":"info","message":"SEO Scan Worker initialized.","timestamp":"2026-05-31 15:35:13"}
{"level":"info","message":"🧹 Queue \"seo-scan-queue\" cleared recursively.","timestamp":"2026-05-31 15:35:13"}
{"level":"info","message":"⏰ Scheduled global orchestration every 1 minutes.","timestamp":"2026-05-31 15:35:13"}
{"level":"info","message":"SEO Scanner Service running on port 4100","timestamp":"2026-05-31 15:35:14"}
{"level":"info","message":"🚀 SCAN_ON_STARTUP is enabled. Triggering global orchestration...","timestamp":"2026-05-31 15:35:14"}
{"level":"info","message":"Orchestrator: Starting global scan orchestration... [STARTUP MODE]","timestamp":"2026-05-31 15:35:14"}
{"level":"info","message":"🔗 Connecting to MASTER database: master","timestamp":"2026-05-31 15:35:14"}
{"level":"info","message":"Orchestrator: Found 2 tenants to process.","timestamp":"2026-05-31 15:35:14"}
{"level":"info","message":"📁 Switching to CLIENT database: tenant_rbi (Tenant: rbi)","timestamp":"2026-05-31 15:35:14"}
{"level":"info","message":"✅ Successfully connected to database: tenant_rbi","timestamp":"2026-05-31 15:35:15"}
{"level":"info","message":"Orchestrator: No domains found for tenant rbi (excluding those currently scanning).","timestamp":"2026-05-31 15:35:15"}
{"level":"info","message":"📁 Switching to CLIENT database: tenant_sbi (Tenant: sbi)","timestamp":"2026-05-31 15:35:15"}
{"level":"info","message":"✅ Successfully connected to database: tenant_sbi","timestamp":"2026-05-31 15:35:15"}
{"level":"info","message":"Orchestrator: No domains found for tenant sbi (excluding those currently scanning).","timestamp":"2026-05-31 15:35:16"}
{"level":"info","message":"Orchestrator: Master DB connection closed.","timestamp":"2026-05-31 15:35:16"}
{"level":"info","message":"✅ Orchestrator: Finished. Total jobs enqueued: 0","timestamp":"2026-05-31 15:35:16"}
{"level":"info","message":"✅ Initial global scan orchestration completed.","timestamp":"2026-05-31 15:35:16"}
{"level":"info","message":"[Job repeat:c10eea93bf68cc56fd5c63b351df3d32:1780221960000] 🚀 Executing scheduled global orchestration...","timestamp":"2026-05-31 15:36:00"}
{"level":"info","message":"Orchestrator: Starting global scan orchestration... ","timestamp":"2026-05-31 15:36:00"}
{"level":"info","message":"🔗 Connecting to MASTER database: master","timestamp":"2026-05-31 15:36:00"}
{"level":"info","message":"Orchestrator: Found 2 tenants to process.","timestamp":"2026-05-31 15:36:00"}
{"level":"info","message":"📁 Switching to CLIENT database: tenant_rbi (Tenant: rbi)","timestamp":"2026-05-31 15:36:00"}
{"level":"info","message":"Orchestrator: No domains found for tenant rbi (excluding those currently scanning).","timestamp":"2026-05-31 15:36:00"}
{"level":"info","message":"📁 Switching to CLIENT database: tenant_sbi (Tenant: sbi)","timestamp":"2026-05-31 15:36:00"}
{"level":"info","message":"Orchestrator: No domains found for tenant sbi (excluding those currently scanning).","timestamp":"2026-05-31 15:36:00"}
{"level":"info","message":"Orchestrator: Master DB connection closed.","timestamp":"2026-05-31 15:36:00"}
{"level":"info","message":"✅ Orchestrator: Finished. Total jobs enqueued: 0","timestamp":"2026-05-31 15:36:00"}
{"level":"info","message":"Job repeat:c10eea93bf68cc56fd5c63b351df3d32:1780221960000 (Orchestrator) completed successfully.","timestamp":"2026-05-31 15:36:00"}
{"level":"info","message":"[Job repeat:c10eea93bf68cc56fd5c63b351df3d32:1780222020000] 🚀 Executing scheduled global orchestration...","timestamp":"2026-05-31 15:37:00"}
{"level":"info","message":"Orchestrator: Starting global scan orchestration... ","timestamp":"2026-05-31 15:37:00"}
{"level":"info","message":"🔗 Connecting to MASTER database: master","timestamp":"2026-05-31 15:37:00"}
{"level":"info","message":"Orchestrator: Found 2 tenants to process.","timestamp":"2026-05-31 15:37:01"}
{"level":"info","message":"📁 Switching to CLIENT database: tenant_rbi (Tenant: rbi)","timestamp":"2026-05-31 15:37:01"}
{"level":"info","message":"Orchestrator: No domains found for tenant rbi (excluding those currently scanning).","timestamp":"2026-05-31 15:37:01"}
{"level":"info","message":"📁 Switching to CLIENT database: tenant_sbi (Tenant: sbi)","timestamp":"2026-05-31 15:37:01"}
{"level":"info","message":"Orchestrator: No domains found for tenant sbi (excluding those currently scanning).","timestamp":"2026-05-31 15:37:01"}
{"level":"info","message":"Orchestrator: Master DB connection closed.","timestamp":"2026-05-31 15:37:01"}
{"level":"info","message":"✅ Orchestrator: Finished. Total jobs enqueued: 0","timestamp":"2026-05-31 15:37:01"}
{"level":"info","message":"Job repeat:c10eea93bf68cc56fd5c63b351df3d32:1780222020000 (Orchestrator) completed successfully.","timestamp":"2026-05-31 15:37:01"}
{"level":"info","message":"SIGINT signal received. Closing resources...","timestamp":"2026-05-31 15:37:42"}
{"level":"info","message":"BullBoard dashboard available at http://localhost:4100/admin/queues","timestamp":"2026-05-31 15:37:50"}
{"level":"info","message":"SEO Scan Worker initialized.","timestamp":"2026-05-31 15:37:50"}
{"level":"info","message":"🧹 Queue \"seo-scan-queue\" cleared recursively.","timestamp":"2026-05-31 15:37:50"}
{"level":"info","message":"⏰ Scheduled global orchestration every 1 minutes.","timestamp":"2026-05-31 15:37:50"}
{"level":"info","message":"SEO Scanner Service running on port 4100","timestamp":"2026-05-31 15:37:50"}
{"level":"info","message":"🚀 SCAN_ON_STARTUP is enabled. Triggering global orchestration...","timestamp":"2026-05-31 15:37:50"}
{"level":"info","message":"Orchestrator: Starting global scan orchestration... [STARTUP MODE]","timestamp":"2026-05-31 15:37:50"}
{"level":"info","message":"🔗 Connecting to MASTER database: master","timestamp":"2026-05-31 15:37:50"}
{"level":"info","message":"Orchestrator: Found 2 tenants to process.","timestamp":"2026-05-31 15:37:51"}
{"level":"info","message":"📁 Switching to CLIENT database: tenant_rbi (Tenant: rbi)","timestamp":"2026-05-31 15:37:51"}
{"level":"info","message":"✅ Successfully connected to database: tenant_rbi","timestamp":"2026-05-31 15:37:51"}
{"level":"info","message":"Orchestrator: No domains found for tenant rbi (excluding those currently scanning).","timestamp":"2026-05-31 15:37:52"}
{"level":"info","message":"📁 Switching to CLIENT database: tenant_sbi (Tenant: sbi)","timestamp":"2026-05-31 15:37:52"}
{"level":"info","message":"✅ Successfully connected to database: tenant_sbi","timestamp":"2026-05-31 15:37:52"}
{"level":"info","message":"Orchestrator: No domains found for tenant sbi (excluding those currently scanning).","timestamp":"2026-05-31 15:37:52"}
{"level":"info","message":"Orchestrator: Master DB connection closed.","timestamp":"2026-05-31 15:37:52"}
{"level":"info","message":"✅ Orchestrator: Finished. Total jobs enqueued: 0","timestamp":"2026-05-31 15:37:52"}
{"level":"info","message":"✅ Initial global scan orchestration completed.","timestamp":"2026-05-31 15:37:52"}
{"level":"info","message":"[Job repeat:c10eea93bf68cc56fd5c63b351df3d32:1780222080000] 🚀 Executing scheduled global orchestration...","timestamp":"2026-05-31 15:38:00"}
{"level":"info","message":"Orchestrator: Starting global scan orchestration... ","timestamp":"2026-05-31 15:38:00"}
{"level":"info","message":"🔗 Connecting to MASTER database: master","timestamp":"2026-05-31 15:38:00"}
{"level":"info","message":"Orchestrator: Found 2 tenants to process.","timestamp":"2026-05-31 15:38:01"}
{"level":"info","message":"📁 Switching to CLIENT database: tenant_rbi (Tenant: rbi)","timestamp":"2026-05-31 15:38:01"}
{"level":"info","message":"Orchestrator: No domains found for tenant rbi (excluding those currently scanning).","timestamp":"2026-05-31 15:38:01"}
{"level":"info","message":"📁 Switching to CLIENT database: tenant_sbi (Tenant: sbi)","timestamp":"2026-05-31 15:38:01"}
{"level":"info","message":"Orchestrator: No domains found for tenant sbi (excluding those currently scanning).","timestamp":"2026-05-31 15:38:01"}
{"level":"info","message":"Orchestrator: Master DB connection closed.","timestamp":"2026-05-31 15:38:01"}
{"level":"info","message":"✅ Orchestrator: Finished. Total jobs enqueued: 0","timestamp":"2026-05-31 15:38:01"}
{"level":"info","message":"Job repeat:c10eea93bf68cc56fd5c63b351df3d32:1780222080000 (Orchestrator) completed successfully.","timestamp":"2026-05-31 15:38:01"}
{"level":"info","message":"[Job repeat:c10eea93bf68cc56fd5c63b351df3d32:1780222140000] 🚀 Executing scheduled global orchestration...","timestamp":"2026-05-31 15:39:00"}
{"level":"info","message":"Orchestrator: Starting global scan orchestration... ","timestamp":"2026-05-31 15:39:00"}
{"level":"info","message":"🔗 Connecting to MASTER database: master","timestamp":"2026-05-31 15:39:00"}
{"level":"info","message":"Orchestrator: Found 2 tenants to process.","timestamp":"2026-05-31 15:39:01"}
{"level":"info","message":"📁 Switching to CLIENT database: tenant_rbi (Tenant: rbi)","timestamp":"2026-05-31 15:39:01"}
{"level":"info","message":"Orchestrator: No domains found for tenant rbi (excluding those currently scanning).","timestamp":"2026-05-31 15:39:01"}
{"level":"info","message":"📁 Switching to CLIENT database: tenant_sbi (Tenant: sbi)","timestamp":"2026-05-31 15:39:01"}
{"level":"info","message":"Orchestrator: No domains found for tenant sbi (excluding those currently scanning).","timestamp":"2026-05-31 15:39:01"}
{"level":"info","message":"Orchestrator: Master DB connection closed.","timestamp":"2026-05-31 15:39:01"}
{"level":"info","message":"✅ Orchestrator: Finished. Total jobs enqueued: 0","timestamp":"2026-05-31 15:39:01"}
{"level":"info","message":"Job repeat:c10eea93bf68cc56fd5c63b351df3d32:1780222140000 (Orchestrator) completed successfully.","timestamp":"2026-05-31 15:39:01"}
{"level":"info","message":"[Job repeat:c10eea93bf68cc56fd5c63b351df3d32:1780222200000] 🚀 Executing scheduled global orchestration...","timestamp":"2026-05-31 15:40:00"}
{"level":"info","message":"Orchestrator: Starting global scan orchestration... ","timestamp":"2026-05-31 15:40:00"}
{"level":"info","message":"🔗 Connecting to MASTER database: master","timestamp":"2026-05-31 15:40:00"}
{"level":"info","message":"Orchestrator: Found 2 tenants to process.","timestamp":"2026-05-31 15:40:01"}
{"level":"info","message":"📁 Switching to CLIENT database: tenant_rbi (Tenant: rbi)","timestamp":"2026-05-31 15:40:01"}
{"level":"info","message":"Orchestrator: No domains found for tenant rbi (excluding those currently scanning).","timestamp":"2026-05-31 15:40:01"}
{"level":"info","message":"📁 Switching to CLIENT database: tenant_sbi (Tenant: sbi)","timestamp":"2026-05-31 15:40:01"}
{"level":"info","message":"Orchestrator: No domains found for tenant sbi (excluding those currently scanning).","timestamp":"2026-05-31 15:40:01"}
{"level":"info","message":"Orchestrator: Master DB connection closed.","timestamp":"2026-05-31 15:40:01"}
{"level":"info","message":"✅ Orchestrator: Finished. Total jobs enqueued: 0","timestamp":"2026-05-31 15:40:01"}
{"level":"info","message":"Job repeat:c10eea93bf68cc56fd5c63b351df3d32:1780222200000 (Orchestrator) completed successfully.","timestamp":"2026-05-31 15:40:01"}
{"level":"info","message":"[Job repeat:c10eea93bf68cc56fd5c63b351df3d32:1780222260000] 🚀 Executing scheduled global orchestration...","timestamp":"2026-05-31 15:41:00"}
{"level":"info","message":"Orchestrator: Starting global scan orchestration... ","timestamp":"2026-05-31 15:41:00"}
{"level":"info","message":"🔗 Connecting to MASTER database: master","timestamp":"2026-05-31 15:41:00"}
{"level":"info","message":"Orchestrator: Found 2 tenants to process.","timestamp":"2026-05-31 15:41:01"}
{"level":"info","message":"📁 Switching to CLIENT database: tenant_rbi (Tenant: rbi)","timestamp":"2026-05-31 15:41:01"}
{"level":"info","message":"Orchestrator: No domains found for tenant rbi (excluding those currently scanning).","timestamp":"2026-05-31 15:41:01"}
{"level":"info","message":"📁 Switching to CLIENT database: tenant_sbi (Tenant: sbi)","timestamp":"2026-05-31 15:41:01"}
{"level":"info","message":"Orchestrator: No domains found for tenant sbi (excluding those currently scanning).","timestamp":"2026-05-31 15:41:01"}
{"level":"info","message":"Orchestrator: Master DB connection closed.","timestamp":"2026-05-31 15:41:01"}
{"level":"info","message":"✅ Orchestrator: Finished. Total jobs enqueued: 0","timestamp":"2026-05-31 15:41:01"}
{"level":"info","message":"Job repeat:c10eea93bf68cc56fd5c63b351df3d32:1780222260000 (Orchestrator) completed successfully.","timestamp":"2026-05-31 15:41:01"}
{"level":"info","message":"[Job repeat:c10eea93bf68cc56fd5c63b351df3d32:1780222320000] 🚀 Executing scheduled global orchestration...","timestamp":"2026-05-31 15:42:00"}
{"level":"info","message":"Orchestrator: Starting global scan orchestration... ","timestamp":"2026-05-31 15:42:00"}
{"level":"info","message":"🔗 Connecting to MASTER database: master","timestamp":"2026-05-31 15:42:00"}
{"level":"info","message":"Orchestrator: Found 2 tenants to process.","timestamp":"2026-05-31 15:42:00"}
{"level":"info","message":"📁 Switching to CLIENT database: tenant_rbi (Tenant: rbi)","timestamp":"2026-05-31 15:42:00"}
{"level":"info","message":"Orchestrator: No domains found for tenant rbi (excluding those currently scanning).","timestamp":"2026-05-31 15:42:00"}
{"level":"info","message":"📁 Switching to CLIENT database: tenant_sbi (Tenant: sbi)","timestamp":"2026-05-31 15:42:00"}
{"level":"info","message":"Orchestrator: No domains found for tenant sbi (excluding those currently scanning).","timestamp":"2026-05-31 15:42:00"}
{"level":"info","message":"Orchestrator: Master DB connection closed.","timestamp":"2026-05-31 15:42:00"}
{"level":"info","message":"✅ Orchestrator: Finished. Total jobs enqueued: 0","timestamp":"2026-05-31 15:42:00"}
{"level":"info","message":"Job repeat:c10eea93bf68cc56fd5c63b351df3d32:1780222320000 (Orchestrator) completed successfully.","timestamp":"2026-05-31 15:42:00"}
{"level":"info","message":"[Job 7] 📋 Starting inventory scan for: https://omunim.com/","timestamp":"2026-05-31 15:42:42"}
{"level":"info","message":"[Inventory Scan] Starting background scan for scanId: 6a1c099a8a0cf055a795b6b0, domain: https://omunim.com/","timestamp":"2026-05-31 15:42:42"}
{"level":"info","message":"[Inventory Scan] Loaded 0 disallow rules from robots.txt","timestamp":"2026-05-31 15:42:43"}
{"level":"info","message":"[Inventory Scan] Scanning batch of size 1. Visited total: 1","timestamp":"2026-05-31 15:42:43"}
{"level":"info","message":"[Inventory Scan Progress] 📈 Scanned Page: https://omunim.com/ | Progress: 99%","timestamp":"2026-05-31 15:42:44"}
{"level":"info","message":"   └── 📦 Assets Discovered -> Pages: 1 | Images: 94 | CSS: 3 | JS: 5 | Docs: 0 | Emails: 1 | Headlinks: 11","timestamp":"2026-05-31 15:42:44"}
{"level":"info","message":"[Inventory Scan] Scanning batch of size 5. Visited total: 6","timestamp":"2026-05-31 15:42:44"}
{"level":"info","message":"[Inventory Scan Progress] 📈 Scanned Page: https://omunim.com/jewellery-mobile-app | Progress: 99%","timestamp":"2026-05-31 15:42:46"}
{"level":"info","message":"   └── 📦 Assets Discovered -> Pages: 6 | Images: 361 | CSS: 34 | JS: 28 | Docs: 0 | Emails: 5 | Headlinks: 30","timestamp":"2026-05-31 15:42:46"}
{"level":"info","message":"[Inventory Scan Progress] 📈 Scanned Page: https://omunim.com/jewellery-billing-software | Progress: 99%","timestamp":"2026-05-31 15:42:46"}
{"level":"info","message":"   └── 📦 Assets Discovered -> Pages: 6 | Images: 361 | CSS: 34 | JS: 33 | Docs: 0 | Emails: 5 | Headlinks: 41","timestamp":"2026-05-31 15:42:46"}
{"level":"info","message":"[Inventory Scan Progress] 📈 Scanned Page: https://omunim.com/gold-loan-software | Progress: 99%","timestamp":"2026-05-31 15:42:46"}
{"level":"info","message":"   └── 📦 Assets Discovered -> Pages: 6 | Images: 361 | CSS: 34 | JS: 33 | Docs: 0 | Emails: 6 | Headlinks: 61","timestamp":"2026-05-31 15:42:46"}
{"level":"info","message":"[Inventory Scan Progress] 📈 Scanned Page: https://omunim.com/jewellery-software | Progress: 99%","timestamp":"2026-05-31 15:42:46"}
{"level":"info","message":"   └── 📦 Assets Discovered -> Pages: 6 | Images: 361 | CSS: 34 | JS: 33 | Docs: 0 | Emails: 6 | Headlinks: 61","timestamp":"2026-05-31 15:42:46"}
{"level":"info","message":"[Inventory Scan Progress] 📈 Scanned Page: https://omunim.com/signin | Progress: 99%","timestamp":"2026-05-31 15:42:46"}
{"level":"info","message":"   └── 📦 Assets Discovered -> Pages: 6 | Images: 361 | CSS: 34 | JS: 33 | Docs: 0 | Emails: 6 | Headlinks: 61","timestamp":"2026-05-31 15:42:46"}
{"level":"info","message":"[Inventory Scan] Scanning batch of size 5. Visited total: 11","timestamp":"2026-05-31 15:42:46"}
{"level":"info","message":"[Inventory Scan Progress] 📈 Scanned Page: https://omunim.com/jewellery-billing-software-free | Progress: 99%","timestamp":"2026-05-31 15:42:47"}
{"level":"info","message":"   └── 📦 Assets Discovered -> Pages: 11 | Images: 591 | CSS: 76 | JS: 61 | Docs: 0 | Emails: 10 | Headlinks: 99","timestamp":"2026-05-31 15:42:47"}
{"level":"info","message":"[Inventory Scan Progress] 📈 Scanned Page: https://omunim.com/jewellery-videos | Progress: 99%","timestamp":"2026-05-31 15:42:47"}
{"level":"info","message":"   └── 📦 Assets Discovered -> Pages: 11 | Images: 591 | CSS: 76 | JS: 61 | Docs: 0 | Emails: 11 | Headlinks: 108","timestamp":"2026-05-31 15:42:47"}
{"level":"info","message":"[Inventory Scan Progress] 📈 Scanned Page: https://omunim.com/ecommerce | Progress: 99%","timestamp":"2026-05-31 15:42:47"}
{"level":"info","message":"   └── 📦 Assets Discovered -> Pages: 11 | Images: 591 | CSS: 76 | JS: 61 | Docs: 0 | Emails: 11 | Headlinks: 108","timestamp":"2026-05-31 15:42:47"}
{"level":"info","message":"[Inventory Scan Progress] 📈 Scanned Page: https://omunim.com/best-jewellery-software | Progress: 99%","timestamp":"2026-05-31 15:42:47"}
{"level":"info","message":"   └── 📦 Assets Discovered -> Pages: 11 | Images: 591 | CSS: 76 | JS: 61 | Docs: 0 | Emails: 11 | Headlinks: 108","timestamp":"2026-05-31 15:42:47"}
{"level":"info","message":"[Inventory Scan Progress] 📈 Scanned Page: https://omunim.com/all-features | Progress: 99%","timestamp":"2026-05-31 15:42:47"}
{"level":"info","message":"   └── 📦 Assets Discovered -> Pages: 11 | Images: 591 | CSS: 76 | JS: 61 | Docs: 0 | Emails: 11 | Headlinks: 108","timestamp":"2026-05-31 15:42:47"}
{"level":"info","message":"[Inventory Scan] Scanning batch of size 5. Visited total: 16","timestamp":"2026-05-31 15:42:47"}
{"level":"info","message":"[Inventory Scan Progress] 📈 Scanned Page: https://omunim.com/downloads | Progress: 99%","timestamp":"2026-05-31 15:42:48"}
{"level":"info","message":"   └── 📦 Assets Discovered -> Pages: 16 | Images: 724 | CSS: 84 | JS: 81 | Docs: 0 | Emails: 15 | Headlinks: 112","timestamp":"2026-05-31 15:42:48"}
{"level":"info","message":"[Inventory Scan Progress] 📈 Scanned Page: https://omunim.com/aboutus | Progress: 99%","timestamp":"2026-05-31 15:42:49"}
{"level":"info","message":"   └── 📦 Assets Discovered -> Pages: 16 | Images: 724 | CSS: 84 | JS: 85 | Docs: 0 | Emails: 15 | Headlinks: 112","timestamp":"2026-05-31 15:42:49"}
{"level":"info","message":"[Inventory Scan Progress] 📈 Scanned Page: https://omunim.com/career | Progress: 99%","timestamp":"2026-05-31 15:42:49"}
{"level":"info","message":"   └── 📦 Assets Discovered -> Pages: 16 | Images: 724 | CSS: 84 | JS: 85 | Docs: 0 | Emails: 16 | Headlinks: 121","timestamp":"2026-05-31 15:42:49"}
{"level":"info","message":"[Inventory Scan Progress] 📈 Scanned Page: https://omunim.com/contactus | Progress: 99%","timestamp":"2026-05-31 15:42:49"}
{"level":"info","message":"   └── 📦 Assets Discovered -> Pages: 16 | Images: 724 | CSS: 84 | JS: 85 | Docs: 0 | Emails: 16 | Headlinks: 121","timestamp":"2026-05-31 15:42:49"}
{"level":"info","message":"[Inventory Scan Progress] 📈 Scanned Page: https://omunim.com/top-10-jewellery-software | Progress: 99%","timestamp":"2026-05-31 15:42:49"}
{"level":"info","message":"   └── 📦 Assets Discovered -> Pages: 16 | Images: 724 | CSS: 84 | JS: 85 | Docs: 0 | Emails: 16 | Headlinks: 121","timestamp":"2026-05-31 15:42:49"}
{"level":"info","message":"[Inventory Scan] Scanning batch of size 5. Visited total: 21","timestamp":"2026-05-31 15:42:49"}
{"level":"info","message":"[Inventory Scan Progress] 📈 Scanned Page: https://omunim.com/terms | Progress: 99%","timestamp":"2026-05-31 15:42:50"}
{"level":"info","message":"   └── 📦 Assets Discovered -> Pages: 21 | Images: 824 | CSS: 95 | JS: 104 | Docs: 0 | Emails: 20 | Headlinks: 123","timestamp":"2026-05-31 15:42:50"}
{"level":"info","message":"[Inventory Scan Progress] 📈 Scanned Page: https://omunim.com/privacypolicy | Progress: 99%","timestamp":"2026-05-31 15:42:50"}
{"level":"info","message":"   └── 📦 Assets Discovered -> Pages: 21 | Images: 824 | CSS: 95 | JS: 104 | Docs: 0 | Emails: 21 | Headlinks: 143","timestamp":"2026-05-31 15:42:50"}
{"level":"info","message":"[Inventory Scan Progress] 📈 Scanned Page: https://omunim.com/site-map | Progress: 99%","timestamp":"2026-05-31 15:42:50"}
{"level":"info","message":"   └── 📦 Assets Discovered -> Pages: 21 | Images: 824 | CSS: 95 | JS: 104 | Docs: 0 | Emails: 21 | Headlinks: 144","timestamp":"2026-05-31 15:42:50"}
{"level":"info","message":"[Inventory Scan Progress] 📈 Scanned Page: https://omunim.com/faq | Progress: 99%","timestamp":"2026-05-31 15:42:50"}
{"level":"info","message":"   └── 📦 Assets Discovered -> Pages: 21 | Images: 824 | CSS: 95 | JS: 104 | Docs: 0 | Emails: 21 | Headlinks: 144","timestamp":"2026-05-31 15:42:50"}
{"level":"info","message":"[Inventory Scan Progress] 📈 Scanned Page: https://omunim.com/feedback | Progress: 99%","timestamp":"2026-05-31 15:42:50"}
{"level":"info","message":"   └── 📦 Assets Discovered -> Pages: 21 | Images: 824 | CSS: 95 | JS: 104 | Docs: 0 | Emails: 21 | Headlinks: 144","timestamp":"2026-05-31 15:42:50"}
{"level":"info","message":"[Inventory Scan] Scanning batch of size 2. Visited total: 23","timestamp":"2026-05-31 15:42:50"}
{"level":"info","message":"[Inventory Scan Progress] 📈 Scanned Page: https://omunim.com/jewellery_billing_software_free | Progress: 99%","timestamp":"2026-05-31 15:42:51"}
{"level":"info","message":"   └── 📦 Assets Discovered -> Pages: 23 | Images: 930 | CSS: 112 | JS: 116 | Docs: 0 | Emails: 22 | Headlinks: 154","timestamp":"2026-05-31 15:42:51"}
{"level":"info","message":"[Inventory Scan Progress] 📈 Scanned Page: https://omunim.com/rfid | Progress: 99%","timestamp":"2026-05-31 15:42:51"}
{"level":"info","message":"   └── 📦 Assets Discovered -> Pages: 23 | Images: 930 | CSS: 112 | JS: 116 | Docs: 0 | Emails: 23 | Headlinks: 163","timestamp":"2026-05-31 15:42:51"}
{"level":"info","message":"[Inventory Scan] Scanning batch of size 1. Visited total: 24","timestamp":"2026-05-31 15:42:51"}
{"level":"info","message":"[Inventory Scan Progress] 📈 Scanned Page: https://omunim.com/rfid-for-jewellery | Progress: 99%","timestamp":"2026-05-31 15:42:52"}
{"level":"info","message":"   └── 📦 Assets Discovered -> Pages: 24 | Images: 975 | CSS: 120 | JS: 120 | Docs: 0 | Emails: 24 | Headlinks: 172","timestamp":"2026-05-31 15:42:52"}
{"level":"info","message":"[Inventory Scan Completed] ✅ Crawl finished successfully in 9647ms!","timestamp":"2026-05-31 15:42:52"}
{"level":"info","message":"   └── 📊 Final Inventory Totals -> Pages: 24 | Images: 975 | CSS: 120 | JS: 120 | Docs: 0 | Emails: 24 | Headlinks: 172","timestamp":"2026-05-31 15:42:52"}
{"level":"info","message":"Job 7 (undefined) completed successfully.","timestamp":"2026-05-31 15:42:52"}
{"level":"info","message":"[Job 8] 📋 Starting inventory scan for: https://omunim.com/","timestamp":"2026-05-31 15:42:57"}
{"level":"info","message":"[Inventory Scan] Starting background scan for scanId: 6a1c09a98a0cf055a795b6ca, domain: https://omunim.com/","timestamp":"2026-05-31 15:42:57"}
{"level":"info","message":"[Inventory Scan] Loaded 0 disallow rules from robots.txt","timestamp":"2026-05-31 15:42:57"}
{"level":"info","message":"[Inventory Scan] Scanning batch of size 1. Visited total: 1","timestamp":"2026-05-31 15:42:57"}
{"level":"info","message":"[Inventory Scan Progress] 📈 Scanned Page: https://omunim.com/ | Progress: 99%","timestamp":"2026-05-31 15:42:58"}
{"level":"info","message":"   └── 📦 Assets Discovered -> Pages: 1 | Images: 94 | CSS: 3 | JS: 5 | Docs: 0 | Emails: 1 | Headlinks: 11","timestamp":"2026-05-31 15:42:58"}
{"level":"info","message":"[Inventory Scan] Scanning batch of size 5. Visited total: 6","timestamp":"2026-05-31 15:42:58"}
{"level":"info","message":"[Inventory Scan Progress] 📈 Scanned Page: https://omunim.com/gold-loan-software | Progress: 99%","timestamp":"2026-05-31 15:43:00"}
{"level":"info","message":"   └── 📦 Assets Discovered -> Pages: 6 | Images: 361 | CSS: 34 | JS: 28 | Docs: 0 | Emails: 5 | Headlinks: 50","timestamp":"2026-05-31 15:43:00"}
{"level":"info","message":"[Inventory Scan Progress] 📈 Scanned Page: https://omunim.com/jewellery-mobile-app | Progress: 99%","timestamp":"2026-05-31 15:43:00"}
{"level":"info","message":"   └── 📦 Assets Discovered -> Pages: 6 | Images: 361 | CSS: 34 | JS: 28 | Docs: 0 | Emails: 5 | Headlinks: 50","timestamp":"2026-05-31 15:43:00"}
{"level":"info","message":"[Inventory Scan Progress] 📈 Scanned Page: https://omunim.com/jewellery-billing-software | Progress: 99%","timestamp":"2026-05-31 15:43:00"}
{"level":"info","message":"   └── 📦 Assets Discovered -> Pages: 6 | Images: 361 | CSS: 34 | JS: 33 | Docs: 0 | Emails: 6 | Headlinks: 50","timestamp":"2026-05-31 15:43:00"}
{"level":"info","message":"[Inventory Scan Progress] 📈 Scanned Page: https://omunim.com/signin | Progress: 99%","timestamp":"2026-05-31 15:43:00"}
{"level":"info","message":"   └── 📦 Assets Discovered -> Pages: 6 | Images: 361 | CSS: 34 | JS: 33 | Docs: 0 | Emails: 6 | Headlinks: 61","timestamp":"2026-05-31 15:43:00"}
{"level":"info","message":"[Inventory Scan Progress] 📈 Scanned Page: https://omunim.com/jewellery-software | Progress: 99%","timestamp":"2026-05-31 15:43:00"}
{"level":"info","message":"   └── 📦 Assets Discovered -> Pages: 6 | Images: 361 | CSS: 34 | JS: 33 | Docs: 0 | Emails: 6 | Headlinks: 61","timestamp":"2026-05-31 15:43:00"}
{"level":"info","message":"[Inventory Scan] Scanning batch of size 5. Visited total: 11","timestamp":"2026-05-31 15:43:00"}
{"level":"info","message":"[Job repeat:c10eea93bf68cc56fd5c63b351df3d32:1780222380000] 🚀 Executing scheduled global orchestration...","timestamp":"2026-05-31 15:43:00"}
{"level":"info","message":"Orchestrator: Starting global scan orchestration... ","timestamp":"2026-05-31 15:43:00"}
{"level":"info","message":"🔗 Connecting to MASTER database: master","timestamp":"2026-05-31 15:43:00"}
{"level":"info","message":"[Inventory Scan Progress] 📈 Scanned Page: https://omunim.com/ecommerce | Progress: 99%","timestamp":"2026-05-31 15:43:01"}
{"level":"info","message":"   └── 📦 Assets Discovered -> Pages: 11 | Images: 591 | CSS: 76 | JS: 61 | Docs: 0 | Emails: 10 | Headlinks: 99","timestamp":"2026-05-31 15:43:01"}
{"level":"info","message":"[Inventory Scan Progress] 📈 Scanned Page: https://omunim.com/jewellery-videos | Progress: 99%","timestamp":"2026-05-31 15:43:01"}
{"level":"info","message":"   └── 📦 Assets Discovered -> Pages: 11 | Images: 591 | CSS: 76 | JS: 61 | Docs: 0 | Emails: 11 | Headlinks: 99","timestamp":"2026-05-31 15:43:01"}
{"level":"info","message":"[Inventory Scan Progress] 📈 Scanned Page: https://omunim.com/jewellery-billing-software-free | Progress: 99%","timestamp":"2026-05-31 15:43:01"}
{"level":"info","message":"   └── 📦 Assets Discovered -> Pages: 11 | Images: 591 | CSS: 76 | JS: 61 | Docs: 0 | Emails: 11 | Headlinks: 99","timestamp":"2026-05-31 15:43:01"}
{"level":"info","message":"[Inventory Scan Progress] 📈 Scanned Page: https://omunim.com/best-jewellery-software | Progress: 99%","timestamp":"2026-05-31 15:43:01"}
{"level":"info","message":"   └── 📦 Assets Discovered -> Pages: 11 | Images: 591 | CSS: 76 | JS: 61 | Docs: 0 | Emails: 11 | Headlinks: 108","timestamp":"2026-05-31 15:43:01"}
{"level":"info","message":"[Inventory Scan Progress] 📈 Scanned Page: https://omunim.com/all-features | Progress: 99%","timestamp":"2026-05-31 15:43:01"}
{"level":"info","message":"   └── 📦 Assets Discovered -> Pages: 11 | Images: 591 | CSS: 76 | JS: 61 | Docs: 0 | Emails: 11 | Headlinks: 108","timestamp":"2026-05-31 15:43:01"}
{"level":"info","message":"[Inventory Scan] Scanning batch of size 5. Visited total: 16","timestamp":"2026-05-31 15:43:01"}
{"level":"info","message":"Orchestrator: Found 2 tenants to process.","timestamp":"2026-05-31 15:43:02"}
{"level":"info","message":"📁 Switching to CLIENT database: tenant_rbi (Tenant: rbi)","timestamp":"2026-05-31 15:43:02"}
{"level":"info","message":"Orchestrator: No domains found for tenant rbi (excluding those currently scanning).","timestamp":"2026-05-31 15:43:02"}
{"level":"info","message":"📁 Switching to CLIENT database: tenant_sbi (Tenant: sbi)","timestamp":"2026-05-31 15:43:02"}
{"level":"info","message":"Orchestrator: No domains found for tenant sbi (excluding those currently scanning).","timestamp":"2026-05-31 15:43:02"}
{"level":"info","message":"Orchestrator: Master DB connection closed.","timestamp":"2026-05-31 15:43:02"}
{"level":"info","message":"✅ Orchestrator: Finished. Total jobs enqueued: 0","timestamp":"2026-05-31 15:43:02"}
{"level":"info","message":"Job repeat:c10eea93bf68cc56fd5c63b351df3d32:1780222380000 (Orchestrator) completed successfully.","timestamp":"2026-05-31 15:43:02"}
{"level":"info","message":"[Inventory Scan Progress] 📈 Scanned Page: https://omunim.com/aboutus | Progress: 99%","timestamp":"2026-05-31 15:43:03"}
{"level":"info","message":"   └── 📦 Assets Discovered -> Pages: 16 | Images: 724 | CSS: 84 | JS: 85 | Docs: 0 | Emails: 16 | Headlinks: 112","timestamp":"2026-05-31 15:43:03"}
{"level":"info","message":"[Inventory Scan Progress] 📈 Scanned Page: https://omunim.com/downloads | Progress: 99%","timestamp":"2026-05-31 15:43:03"}
{"level":"info","message":"   └── 📦 Assets Discovered -> Pages: 16 | Images: 724 | CSS: 84 | JS: 85 | Docs: 0 | Emails: 16 | Headlinks: 121","timestamp":"2026-05-31 15:43:03"}
{"level":"info","message":"[Inventory Scan Progress] 📈 Scanned Page: https://omunim.com/contactus | Progress: 99%","timestamp":"2026-05-31 15:43:03"}
{"level":"info","message":"   └── 📦 Assets Discovered -> Pages: 16 | Images: 724 | CSS: 84 | JS: 85 | Docs: 0 | Emails: 16 | Headlinks: 121","timestamp":"2026-05-31 15:43:03"}
{"level":"info","message":"[Inventory Scan Progress] 📈 Scanned Page: https://omunim.com/career | Progress: 99%","timestamp":"2026-05-31 15:43:03"}
{"level":"info","message":"   └── 📦 Assets Discovered -> Pages: 16 | Images: 724 | CSS: 84 | JS: 85 | Docs: 0 | Emails: 16 | Headlinks: 121","timestamp":"2026-05-31 15:43:03"}
{"level":"info","message":"[Inventory Scan Progress] 📈 Scanned Page: https://omunim.com/top-10-jewellery-software | Progress: 99%","timestamp":"2026-05-31 15:43:03"}
{"level":"info","message":"   └── 📦 Assets Discovered -> Pages: 16 | Images: 724 | CSS: 84 | JS: 85 | Docs: 0 | Emails: 16 | Headlinks: 121","timestamp":"2026-05-31 15:43:03"}
{"level":"info","message":"[Inventory Scan] Scanning batch of size 5. Visited total: 21","timestamp":"2026-05-31 15:43:03"}
{"level":"info","message":"[Inventory Scan Progress] 📈 Scanned Page: https://omunim.com/terms | Progress: 99%","timestamp":"2026-05-31 15:43:04"}
{"level":"info","message":"   └── 📦 Assets Discovered -> Pages: 21 | Images: 824 | CSS: 95 | JS: 104 | Docs: 0 | Emails: 20 | Headlinks: 131","timestamp":"2026-05-31 15:43:04"}
{"level":"info","message":"[Inventory Scan Progress] 📈 Scanned Page: https://omunim.com/faq | Progress: 99%","timestamp":"2026-05-31 15:43:04"}
{"level":"info","message":"   └── 📦 Assets Discovered -> Pages: 21 | Images: 824 | CSS: 95 | JS: 104 | Docs: 0 | Emails: 21 | Headlinks: 144","timestamp":"2026-05-31 15:43:04"}
{"level":"info","message":"[Inventory Scan Progress] 📈 Scanned Page: https://omunim.com/privacypolicy | Progress: 99%","timestamp":"2026-05-31 15:43:04"}
{"level":"info","message":"   └── 📦 Assets Discovered -> Pages: 21 | Images: 824 | CSS: 95 | JS: 104 | Docs: 0 | Emails: 21 | Headlinks: 144","timestamp":"2026-05-31 15:43:04"}
{"level":"info","message":"[Inventory Scan Progress] 📈 Scanned Page: https://omunim.com/site-map | Progress: 99%","timestamp":"2026-05-31 15:43:04"}
{"level":"info","message":"   └── 📦 Assets Discovered -> Pages: 21 | Images: 824 | CSS: 95 | JS: 104 | Docs: 0 | Emails: 21 | Headlinks: 144","timestamp":"2026-05-31 15:43:04"}
{"level":"info","message":"[Inventory Scan Progress] 📈 Scanned Page: https://omunim.com/feedback | Progress: 99%","timestamp":"2026-05-31 15:43:04"}
{"level":"info","message":"   └── 📦 Assets Discovered -> Pages: 21 | Images: 824 | CSS: 95 | JS: 104 | Docs: 0 | Emails: 21 | Headlinks: 144","timestamp":"2026-05-31 15:43:04"}
{"level":"info","message":"[Inventory Scan] Scanning batch of size 2. Visited total: 23","timestamp":"2026-05-31 15:43:04"}
{"level":"info","message":"[Inventory Scan Progress] 📈 Scanned Page: https://omunim.com/jewellery_billing_software_free | Progress: 99%","timestamp":"2026-05-31 15:43:05"}
{"level":"info","message":"   └── 📦 Assets Discovered -> Pages: 23 | Images: 930 | CSS: 104 | JS: 110 | Docs: 0 | Emails: 22 | Headlinks: 154","timestamp":"2026-05-31 15:43:05"}
{"level":"info","message":"[Inventory Scan Progress] 📈 Scanned Page: https://omunim.com/rfid | Progress: 99%","timestamp":"2026-05-31 15:43:05"}
{"level":"info","message":"   └── 📦 Assets Discovered -> Pages: 23 | Images: 930 | CSS: 112 | JS: 116 | Docs: 0 | Emails: 23 | Headlinks: 163","timestamp":"2026-05-31 15:43:05"}
{"level":"info","message":"[Inventory Scan] Scanning batch of size 1. Visited total: 24","timestamp":"2026-05-31 15:43:05"}
{"level":"info","message":"[Inventory Scan Progress] 📈 Scanned Page: https://omunim.com/rfid-for-jewellery | Progress: 99%","timestamp":"2026-05-31 15:43:06"}
{"level":"info","message":"   └── 📦 Assets Discovered -> Pages: 24 | Images: 975 | CSS: 120 | JS: 120 | Docs: 0 | Emails: 24 | Headlinks: 172","timestamp":"2026-05-31 15:43:06"}
{"level":"info","message":"[Inventory Scan Completed] ✅ Crawl finished successfully in 8730ms!","timestamp":"2026-05-31 15:43:06"}
{"level":"info","message":"   └── 📊 Final Inventory Totals -> Pages: 24 | Images: 975 | CSS: 120 | JS: 120 | Docs: 0 | Emails: 24 | Headlinks: 172","timestamp":"2026-05-31 15:43:06"}
{"level":"info","message":"Job 8 (undefined) completed successfully.","timestamp":"2026-05-31 15:43:06"}
{"level":"info","message":"[Job repeat:c10eea93bf68cc56fd5c63b351df3d32:1780222440000] 🚀 Executing scheduled global orchestration...","timestamp":"2026-05-31 15:44:00"}
{"level":"info","message":"Orchestrator: Starting global scan orchestration... ","timestamp":"2026-05-31 15:44:00"}
{"level":"info","message":"🔗 Connecting to MASTER database: master","timestamp":"2026-05-31 15:44:00"}
{"level":"info","message":"Orchestrator: Found 2 tenants to process.","timestamp":"2026-05-31 15:44:00"}
{"level":"info","message":"📁 Switching to CLIENT database: tenant_rbi (Tenant: rbi)","timestamp":"2026-05-31 15:44:00"}
{"level":"info","message":"Orchestrator: No domains found for tenant rbi (excluding those currently scanning).","timestamp":"2026-05-31 15:44:00"}
{"level":"info","message":"📁 Switching to CLIENT database: tenant_sbi (Tenant: sbi)","timestamp":"2026-05-31 15:44:00"}
{"level":"info","message":"Orchestrator: No domains found for tenant sbi (excluding those currently scanning).","timestamp":"2026-05-31 15:44:00"}
{"level":"info","message":"Orchestrator: Master DB connection closed.","timestamp":"2026-05-31 15:44:00"}
{"level":"info","message":"✅ Orchestrator: Finished. Total jobs enqueued: 0","timestamp":"2026-05-31 15:44:00"}
{"level":"info","message":"Job repeat:c10eea93bf68cc56fd5c63b351df3d32:1780222440000 (Orchestrator) completed successfully.","timestamp":"2026-05-31 15:44:00"}
{"level":"info","message":"[Job repeat:c10eea93bf68cc56fd5c63b351df3d32:1780222500000] 🚀 Executing scheduled global orchestration...","timestamp":"2026-05-31 15:45:00"}
{"level":"info","message":"Orchestrator: Starting global scan orchestration... ","timestamp":"2026-05-31 15:45:00"}
{"level":"info","message":"🔗 Connecting to MASTER database: master","timestamp":"2026-05-31 15:45:00"}
{"level":"info","message":"Orchestrator: Found 2 tenants to process.","timestamp":"2026-05-31 15:45:01"}
{"level":"info","message":"📁 Switching to CLIENT database: tenant_rbi (Tenant: rbi)","timestamp":"2026-05-31 15:45:01"}
{"level":"info","message":"Orchestrator: No domains found for tenant rbi (excluding those currently scanning).","timestamp":"2026-05-31 15:45:01"}
{"level":"info","message":"📁 Switching to CLIENT database: tenant_sbi (Tenant: sbi)","timestamp":"2026-05-31 15:45:01"}
{"level":"info","message":"Orchestrator: No domains found for tenant sbi (excluding those currently scanning).","timestamp":"2026-05-31 15:45:01"}
{"level":"info","message":"Orchestrator: Master DB connection closed.","timestamp":"2026-05-31 15:45:01"}
{"level":"info","message":"✅ Orchestrator: Finished. Total jobs enqueued: 0","timestamp":"2026-05-31 15:45:01"}
{"level":"info","message":"Job repeat:c10eea93bf68cc56fd5c63b351df3d32:1780222500000 (Orchestrator) completed successfully.","timestamp":"2026-05-31 15:45:01"}
{"level":"info","message":"[Job 12] 📋 Starting inventory scan for: https://omunim.com/","timestamp":"2026-05-31 15:45:12"}
{"level":"info","message":"[Inventory Scan] Starting background scan for scanId: 6a1c0a30b90f29b74c7d5d77, domain: https://omunim.com/","timestamp":"2026-05-31 15:45:12"}
{"level":"info","message":"[Inventory Scan] Loaded 0 disallow rules from robots.txt","timestamp":"2026-05-31 15:45:13"}
{"level":"info","message":"[Inventory Scan] Scanning batch of size 1. Visited total: 1","timestamp":"2026-05-31 15:45:13"}
{"level":"info","message":"[Inventory Scan Progress] 📈 Scanned Page: https://omunim.com/ | Progress: 99%","timestamp":"2026-05-31 15:45:14"}
{"level":"info","message":"   └── 📦 Assets Discovered -> Pages: 1 | Images: 94 | CSS: 3 | JS: 5 | Docs: 0 | Emails: 1 | Headlinks: 11","timestamp":"2026-05-31 15:45:14"}
{"level":"info","message":"[Inventory Scan] Scanning batch of size 5. Visited total: 6","timestamp":"2026-05-31 15:45:14"}
{"level":"info","message":"[Inventory Scan Progress] 📈 Scanned Page: https://omunim.com/jewellery-mobile-app | Progress: 99%","timestamp":"2026-05-31 15:45:15"}
{"level":"info","message":"   └── 📦 Assets Discovered -> Pages: 6 | Images: 361 | CSS: 34 | JS: 33 | Docs: 0 | Emails: 5 | Headlinks: 50","timestamp":"2026-05-31 15:45:15"}
{"level":"info","message":"[Inventory Scan Progress] 📈 Scanned Page: https://omunim.com/jewellery-billing-software | Progress: 99%","timestamp":"2026-05-31 15:45:15"}
{"level":"info","message":"   └── 📦 Assets Discovered -> Pages: 6 | Images: 361 | CSS: 34 | JS: 33 | Docs: 0 | Emails: 6 | Headlinks: 50","timestamp":"2026-05-31 15:45:15"}
{"level":"info","message":"[Inventory Scan Progress] 📈 Scanned Page: https://omunim.com/gold-loan-software | Progress: 99%","timestamp":"2026-05-31 15:45:15"}
{"level":"info","message":"   └── 📦 Assets Discovered -> Pages: 6 | Images: 361 | CSS: 34 | JS: 33 | Docs: 0 | Emails: 6 | Headlinks: 61","timestamp":"2026-05-31 15:45:15"}
{"level":"info","message":"[Inventory Scan Progress] 📈 Scanned Page: https://omunim.com/signin | Progress: 99%","timestamp":"2026-05-31 15:45:15"}
{"level":"info","message":"   └── 📦 Assets Discovered -> Pages: 6 | Images: 361 | CSS: 34 | JS: 33 | Docs: 0 | Emails: 6 | Headlinks: 61","timestamp":"2026-05-31 15:45:15"}
{"level":"info","message":"[Inventory Scan Progress] 📈 Scanned Page: https://omunim.com/jewellery-software | Progress: 99%","timestamp":"2026-05-31 15:45:15"}
{"level":"info","message":"   └── 📦 Assets Discovered -> Pages: 6 | Images: 361 | CSS: 34 | JS: 33 | Docs: 0 | Emails: 6 | Headlinks: 61","timestamp":"2026-05-31 15:45:15"}
{"level":"info","message":"[Inventory Scan] Scanning batch of size 5. Visited total: 11","timestamp":"2026-05-31 15:45:15"}
{"level":"info","message":"[Inventory Scan Progress] 📈 Scanned Page: https://omunim.com/jewellery-videos | Progress: 99%","timestamp":"2026-05-31 15:45:17"}
{"level":"info","message":"   └── 📦 Assets Discovered -> Pages: 11 | Images: 591 | CSS: 76 | JS: 57 | Docs: 0 | Emails: 9 | Headlinks: 90","timestamp":"2026-05-31 15:45:17"}
{"level":"info","message":"[Inventory Scan Progress] 📈 Scanned Page: https://omunim.com/ecommerce | Progress: 99%","timestamp":"2026-05-31 15:45:17"}
{"level":"info","message":"   └── 📦 Assets Discovered -> Pages: 11 | Images: 591 | CSS: 76 | JS: 61 | Docs: 0 | Emails: 11 | Headlinks: 99","timestamp":"2026-05-31 15:45:17"}
{"level":"info","message":"[Inventory Scan Progress] 📈 Scanned Page: https://omunim.com/jewellery-billing-software-free | Progress: 99%","timestamp":"2026-05-31 15:45:17"}
{"level":"info","message":"   └── 📦 Assets Discovered -> Pages: 11 | Images: 591 | CSS: 76 | JS: 61 | Docs: 0 | Emails: 11 | Headlinks: 99","timestamp":"2026-05-31 15:45:17"}
{"level":"info","message":"[Inventory Scan Progress] 📈 Scanned Page: https://omunim.com/best-jewellery-software | Progress: 99%","timestamp":"2026-05-31 15:45:17"}
{"level":"info","message":"   └── 📦 Assets Discovered -> Pages: 11 | Images: 591 | CSS: 76 | JS: 61 | Docs: 0 | Emails: 11 | Headlinks: 108","timestamp":"2026-05-31 15:45:17"}
{"level":"info","message":"[Inventory Scan Progress] 📈 Scanned Page: https://omunim.com/all-features | Progress: 99%","timestamp":"2026-05-31 15:45:17"}
{"level":"info","message":"   └── 📦 Assets Discovered -> Pages: 11 | Images: 591 | CSS: 76 | JS: 61 | Docs: 0 | Emails: 11 | Headlinks: 108","timestamp":"2026-05-31 15:45:17"}
{"level":"info","message":"[Inventory Scan] Scanning batch of size 5. Visited total: 16","timestamp":"2026-05-31 15:45:17"}
{"level":"info","message":"[Inventory Scan Progress] 📈 Scanned Page: https://omunim.com/downloads | Progress: 99%","timestamp":"2026-05-31 15:45:18"}
{"level":"info","message":"   └── 📦 Assets Discovered -> Pages: 16 | Images: 724 | CSS: 84 | JS: 81 | Docs: 0 | Emails: 15 | Headlinks: 112","timestamp":"2026-05-31 15:45:18"}
{"level":"info","message":"[Inventory Scan Progress] 📈 Scanned Page: https://omunim.com/aboutus | Progress: 99%","timestamp":"2026-05-31 15:45:18"}
{"level":"info","message":"   └── 📦 Assets Discovered -> Pages: 16 | Images: 724 | CSS: 84 | JS: 81 | Docs: 0 | Emails: 15 | Headlinks: 112","timestamp":"2026-05-31 15:45:18"}
{"level":"info","message":"[Inventory Scan Progress] 📈 Scanned Page: https://omunim.com/career | Progress: 99%","timestamp":"2026-05-31 15:45:18"}
{"level":"info","message":"   └── 📦 Assets Discovered -> Pages: 16 | Images: 724 | CSS: 84 | JS: 85 | Docs: 0 | Emails: 16 | Headlinks: 121","timestamp":"2026-05-31 15:45:18"}
{"level":"info","message":"[Inventory Scan Progress] 📈 Scanned Page: https://omunim.com/contactus | Progress: 99%","timestamp":"2026-05-31 15:45:18"}
{"level":"info","message":"   └── 📦 Assets Discovered -> Pages: 16 | Images: 724 | CSS: 84 | JS: 85 | Docs: 0 | Emails: 16 | Headlinks: 121","timestamp":"2026-05-31 15:45:18"}
{"level":"info","message":"[Inventory Scan Progress] 📈 Scanned Page: https://omunim.com/top-10-jewellery-software | Progress: 99%","timestamp":"2026-05-31 15:45:18"}
{"level":"info","message":"   └── 📦 Assets Discovered -> Pages: 16 | Images: 724 | CSS: 84 | JS: 85 | Docs: 0 | Emails: 16 | Headlinks: 121","timestamp":"2026-05-31 15:45:18"}
{"level":"info","message":"[Inventory Scan] Scanning batch of size 5. Visited total: 21","timestamp":"2026-05-31 15:45:18"}
{"level":"info","message":"[Inventory Scan Progress] 📈 Scanned Page: https://omunim.com/privacypolicy | Progress: 99%","timestamp":"2026-05-31 15:45:19"}
{"level":"info","message":"   └── 📦 Assets Discovered -> Pages: 21 | Images: 824 | CSS: 95 | JS: 100 | Docs: 0 | Emails: 19 | Headlinks: 132","timestamp":"2026-05-31 15:45:19"}
{"level":"info","message":"[Inventory Scan Progress] 📈 Scanned Page: https://omunim.com/terms | Progress: 99%","timestamp":"2026-05-31 15:45:19"}
{"level":"info","message":"   └── 📦 Assets Discovered -> Pages: 21 | Images: 824 | CSS: 95 | JS: 100 | Docs: 0 | Emails: 20 | Headlinks: 132","timestamp":"2026-05-31 15:45:19"}
{"level":"info","message":"[Inventory Scan Progress] 📈 Scanned Page: https://omunim.com/faq | Progress: 99%","timestamp":"2026-05-31 15:45:19"}
{"level":"info","message":"   └── 📦 Assets Discovered -> Pages: 21 | Images: 824 | CSS: 95 | JS: 104 | Docs: 0 | Emails: 21 | Headlinks: 144","timestamp":"2026-05-31 15:45:19"}
{"level":"info","message":"[Inventory Scan Progress] 📈 Scanned Page: https://omunim.com/site-map | Progress: 99%","timestamp":"2026-05-31 15:45:20"}
{"level":"info","message":"   └── 📦 Assets Discovered -> Pages: 21 | Images: 824 | CSS: 95 | JS: 104 | Docs: 0 | Emails: 21 | Headlinks: 144","timestamp":"2026-05-31 15:45:20"}
{"level":"info","message":"[Inventory Scan Progress] 📈 Scanned Page: https://omunim.com/feedback | Progress: 99%","timestamp":"2026-05-31 15:45:20"}
{"level":"info","message":"   └── 📦 Assets Discovered -> Pages: 21 | Images: 824 | CSS: 95 | JS: 104 | Docs: 0 | Emails: 21 | Headlinks: 144","timestamp":"2026-05-31 15:45:20"}
{"level":"info","message":"[Inventory Scan] Scanning batch of size 2. Visited total: 23","timestamp":"2026-05-31 15:45:20"}
{"level":"info","message":"[Inventory Scan Progress] 📈 Scanned Page: https://omunim.com/jewellery_billing_software_free | Progress: 99%","timestamp":"2026-05-31 15:45:20"}
{"level":"info","message":"   └── 📦 Assets Discovered -> Pages: 23 | Images: 930 | CSS: 112 | JS: 110 | Docs: 0 | Emails: 22 | Headlinks: 154","timestamp":"2026-05-31 15:45:20"}
{"level":"info","message":"[Inventory Scan Progress] 📈 Scanned Page: https://omunim.com/rfid | Progress: 99%","timestamp":"2026-05-31 15:45:21"}
{"level":"info","message":"   └── 📦 Assets Discovered -> Pages: 23 | Images: 930 | CSS: 112 | JS: 116 | Docs: 0 | Emails: 23 | Headlinks: 163","timestamp":"2026-05-31 15:45:21"}
{"level":"info","message":"[Inventory Scan] Scanning batch of size 1. Visited total: 24","timestamp":"2026-05-31 15:45:21"}
{"level":"info","message":"[Inventory Scan Progress] 📈 Scanned Page: https://omunim.com/rfid-for-jewellery | Progress: 99%","timestamp":"2026-05-31 15:45:21"}
{"level":"info","message":"   └── 📦 Assets Discovered -> Pages: 24 | Images: 975 | CSS: 120 | JS: 120 | Docs: 0 | Emails: 24 | Headlinks: 172","timestamp":"2026-05-31 15:45:21"}
{"level":"info","message":"[Inventory Scan Completed] ✅ Crawl finished successfully in 8946ms!","timestamp":"2026-05-31 15:45:21"}
{"level":"info","message":"   └── 📊 Final Inventory Totals -> Pages: 24 | Images: 975 | CSS: 120 | JS: 120 | Docs: 0 | Emails: 24 | Headlinks: 172","timestamp":"2026-05-31 15:45:21"}
{"level":"info","message":"Job 12 (undefined) completed successfully.","timestamp":"2026-05-31 15:45:21"}
{"level":"info","message":"[Job repeat:c10eea93bf68cc56fd5c63b351df3d32:1780222560000] 🚀 Executing scheduled global orchestration...","timestamp":"2026-05-31 15:46:00"}
{"level":"info","message":"Orchestrator: Starting global scan orchestration... ","timestamp":"2026-05-31 15:46:00"}
{"level":"info","message":"🔗 Connecting to MASTER database: master","timestamp":"2026-05-31 15:46:00"}
{"level":"info","message":"Orchestrator: Found 2 tenants to process.","timestamp":"2026-05-31 15:46:00"}
{"level":"info","message":"📁 Switching to CLIENT database: tenant_rbi (Tenant: rbi)","timestamp":"2026-05-31 15:46:00"}
{"level":"info","message":"Orchestrator: No domains found for tenant rbi (excluding those currently scanning).","timestamp":"2026-05-31 15:46:00"}
{"level":"info","message":"📁 Switching to CLIENT database: tenant_sbi (Tenant: sbi)","timestamp":"2026-05-31 15:46:00"}
{"level":"info","message":"Orchestrator: No domains found for tenant sbi (excluding those currently scanning).","timestamp":"2026-05-31 15:46:00"}
{"level":"info","message":"Orchestrator: Master DB connection closed.","timestamp":"2026-05-31 15:46:00"}
{"level":"info","message":"✅ Orchestrator: Finished. Total jobs enqueued: 0","timestamp":"2026-05-31 15:46:00"}
{"level":"info","message":"Job repeat:c10eea93bf68cc56fd5c63b351df3d32:1780222560000 (Orchestrator) completed successfully.","timestamp":"2026-05-31 15:46:00"}
{"level":"info","message":"[Job repeat:c10eea93bf68cc56fd5c63b351df3d32:1780222620000] 🚀 Executing scheduled global orchestration...","timestamp":"2026-05-31 15:47:00"}
{"level":"info","message":"Orchestrator: Starting global scan orchestration... ","timestamp":"2026-05-31 15:47:00"}
{"level":"info","message":"🔗 Connecting to MASTER database: master","timestamp":"2026-05-31 15:47:00"}
{"level":"info","message":"Orchestrator: Found 2 tenants to process.","timestamp":"2026-05-31 15:47:01"}
{"level":"info","message":"📁 Switching to CLIENT database: tenant_rbi (Tenant: rbi)","timestamp":"2026-05-31 15:47:01"}
{"level":"info","message":"Orchestrator: No domains found for tenant rbi (excluding those currently scanning).","timestamp":"2026-05-31 15:47:01"}
{"level":"info","message":"📁 Switching to CLIENT database: tenant_sbi (Tenant: sbi)","timestamp":"2026-05-31 15:47:01"}
{"level":"info","message":"Orchestrator: No domains found for tenant sbi (excluding those currently scanning).","timestamp":"2026-05-31 15:47:01"}
{"level":"info","message":"Orchestrator: Master DB connection closed.","timestamp":"2026-05-31 15:47:01"}
{"level":"info","message":"✅ Orchestrator: Finished. Total jobs enqueued: 0","timestamp":"2026-05-31 15:47:01"}
{"level":"info","message":"Job repeat:c10eea93bf68cc56fd5c63b351df3d32:1780222620000 (Orchestrator) completed successfully.","timestamp":"2026-05-31 15:47:01"}
{"level":"info","message":"[Job repeat:c10eea93bf68cc56fd5c63b351df3d32:1780222680000] 🚀 Executing scheduled global orchestration...","timestamp":"2026-05-31 15:48:00"}
{"level":"info","message":"Orchestrator: Starting global scan orchestration... ","timestamp":"2026-05-31 15:48:00"}
{"level":"info","message":"🔗 Connecting to MASTER database: master","timestamp":"2026-05-31 15:48:00"}
{"level":"info","message":"Orchestrator: Found 2 tenants to process.","timestamp":"2026-05-31 15:48:01"}
{"level":"info","message":"📁 Switching to CLIENT database: tenant_rbi (Tenant: rbi)","timestamp":"2026-05-31 15:48:01"}
{"level":"info","message":"Orchestrator: No domains found for tenant rbi (excluding those currently scanning).","timestamp":"2026-05-31 15:48:01"}
{"level":"info","message":"📁 Switching to CLIENT database: tenant_sbi (Tenant: sbi)","timestamp":"2026-05-31 15:48:01"}
{"level":"info","message":"Orchestrator: No domains found for tenant sbi (excluding those currently scanning).","timestamp":"2026-05-31 15:48:01"}
{"level":"info","message":"Orchestrator: Master DB connection closed.","timestamp":"2026-05-31 15:48:01"}
{"level":"info","message":"✅ Orchestrator: Finished. Total jobs enqueued: 0","timestamp":"2026-05-31 15:48:01"}
{"level":"info","message":"Job repeat:c10eea93bf68cc56fd5c63b351df3d32:1780222680000 (Orchestrator) completed successfully.","timestamp":"2026-05-31 15:48:01"}
{"level":"info","message":"[Job repeat:c10eea93bf68cc56fd5c63b351df3d32:1780222740000] 🚀 Executing scheduled global orchestration...","timestamp":"2026-05-31 15:49:00"}
{"level":"info","message":"Orchestrator: Starting global scan orchestration... ","timestamp":"2026-05-31 15:49:00"}
{"level":"info","message":"🔗 Connecting to MASTER database: master","timestamp":"2026-05-31 15:49:00"}
{"level":"info","message":"Orchestrator: Found 2 tenants to process.","timestamp":"2026-05-31 15:49:00"}
{"level":"info","message":"📁 Switching to CLIENT database: tenant_rbi (Tenant: rbi)","timestamp":"2026-05-31 15:49:00"}
{"level":"info","message":"Orchestrator: No domains found for tenant rbi (excluding those currently scanning).","timestamp":"2026-05-31 15:49:00"}
{"level":"info","message":"📁 Switching to CLIENT database: tenant_sbi (Tenant: sbi)","timestamp":"2026-05-31 15:49:00"}
{"level":"info","message":"Orchestrator: No domains found for tenant sbi (excluding those currently scanning).","timestamp":"2026-05-31 15:49:00"}
{"level":"info","message":"Orchestrator: Master DB connection closed.","timestamp":"2026-05-31 15:49:00"}
{"level":"info","message":"✅ Orchestrator: Finished. Total jobs enqueued: 0","timestamp":"2026-05-31 15:49:00"}
{"level":"info","message":"Job repeat:c10eea93bf68cc56fd5c63b351df3d32:1780222740000 (Orchestrator) completed successfully.","timestamp":"2026-05-31 15:49:00"}
{"level":"info","message":"[Job repeat:c10eea93bf68cc56fd5c63b351df3d32:1780222800000] 🚀 Executing scheduled global orchestration...","timestamp":"2026-05-31 15:50:00"}
{"level":"info","message":"Orchestrator: Starting global scan orchestration... ","timestamp":"2026-05-31 15:50:00"}
{"level":"info","message":"🔗 Connecting to MASTER database: master","timestamp":"2026-05-31 15:50:00"}
{"level":"info","message":"Orchestrator: Found 2 tenants to process.","timestamp":"2026-05-31 15:50:01"}
{"level":"info","message":"📁 Switching to CLIENT database: tenant_rbi (Tenant: rbi)","timestamp":"2026-05-31 15:50:01"}
{"level":"info","message":"Orchestrator: No domains found for tenant rbi (excluding those currently scanning).","timestamp":"2026-05-31 15:50:01"}
{"level":"info","message":"📁 Switching to CLIENT database: tenant_sbi (Tenant: sbi)","timestamp":"2026-05-31 15:50:01"}
{"level":"info","message":"Orchestrator: No domains found for tenant sbi (excluding those currently scanning).","timestamp":"2026-05-31 15:50:01"}
{"level":"info","message":"Orchestrator: Master DB connection closed.","timestamp":"2026-05-31 15:50:01"}
{"level":"info","message":"✅ Orchestrator: Finished. Total jobs enqueued: 0","timestamp":"2026-05-31 15:50:01"}
{"level":"info","message":"Job repeat:c10eea93bf68cc56fd5c63b351df3d32:1780222800000 (Orchestrator) completed successfully.","timestamp":"2026-05-31 15:50:01"}
{"level":"info","message":"[Job repeat:c10eea93bf68cc56fd5c63b351df3d32:1780222860000] 🚀 Executing scheduled global orchestration...","timestamp":"2026-05-31 15:51:00"}
{"level":"info","message":"Orchestrator: Starting global scan orchestration... ","timestamp":"2026-05-31 15:51:00"}
{"level":"info","message":"🔗 Connecting to MASTER database: master","timestamp":"2026-05-31 15:51:00"}
{"level":"info","message":"Orchestrator: Found 2 tenants to process.","timestamp":"2026-05-31 15:51:01"}
{"level":"info","message":"📁 Switching to CLIENT database: tenant_rbi (Tenant: rbi)","timestamp":"2026-05-31 15:51:01"}
{"level":"info","message":"Orchestrator: No domains found for tenant rbi (excluding those currently scanning).","timestamp":"2026-05-31 15:51:01"}
{"level":"info","message":"📁 Switching to CLIENT database: tenant_sbi (Tenant: sbi)","timestamp":"2026-05-31 15:51:01"}
{"level":"info","message":"Orchestrator: No domains found for tenant sbi (excluding those currently scanning).","timestamp":"2026-05-31 15:51:01"}
{"level":"info","message":"Orchestrator: Master DB connection closed.","timestamp":"2026-05-31 15:51:01"}
{"level":"info","message":"✅ Orchestrator: Finished. Total jobs enqueued: 0","timestamp":"2026-05-31 15:51:01"}
{"level":"info","message":"Job repeat:c10eea93bf68cc56fd5c63b351df3d32:1780222860000 (Orchestrator) completed successfully.","timestamp":"2026-05-31 15:51:01"}
{"level":"info","message":"[Job repeat:c10eea93bf68cc56fd5c63b351df3d32:1780222920000] 🚀 Executing scheduled global orchestration...","timestamp":"2026-05-31 15:52:00"}
{"level":"info","message":"Orchestrator: Starting global scan orchestration... ","timestamp":"2026-05-31 15:52:00"}
{"level":"info","message":"🔗 Connecting to MASTER database: master","timestamp":"2026-05-31 15:52:00"}
{"level":"info","message":"Orchestrator: Found 2 tenants to process.","timestamp":"2026-05-31 15:52:00"}
{"level":"info","message":"📁 Switching to CLIENT database: tenant_rbi (Tenant: rbi)","timestamp":"2026-05-31 15:52:00"}
{"level":"info","message":"Orchestrator: No domains found for tenant rbi (excluding those currently scanning).","timestamp":"2026-05-31 15:52:00"}
{"level":"info","message":"📁 Switching to CLIENT database: tenant_sbi (Tenant: sbi)","timestamp":"2026-05-31 15:52:00"}
{"level":"info","message":"Orchestrator: No domains found for tenant sbi (excluding those currently scanning).","timestamp":"2026-05-31 15:52:00"}
{"level":"info","message":"Orchestrator: Master DB connection closed.","timestamp":"2026-05-31 15:52:00"}
{"level":"info","message":"✅ Orchestrator: Finished. Total jobs enqueued: 0","timestamp":"2026-05-31 15:52:00"}
{"level":"info","message":"Job repeat:c10eea93bf68cc56fd5c63b351df3d32:1780222920000 (Orchestrator) completed successfully.","timestamp":"2026-05-31 15:52:00"}
{"level":"info","message":"[Job repeat:c10eea93bf68cc56fd5c63b351df3d32:1780222980000] 🚀 Executing scheduled global orchestration...","timestamp":"2026-05-31 15:53:00"}
{"level":"info","message":"Orchestrator: Starting global scan orchestration... ","timestamp":"2026-05-31 15:53:00"}
{"level":"info","message":"🔗 Connecting to MASTER database: master","timestamp":"2026-05-31 15:53:00"}
{"level":"info","message":"Orchestrator: Found 2 tenants to process.","timestamp":"2026-05-31 15:53:01"}
{"level":"info","message":"📁 Switching to CLIENT database: tenant_rbi (Tenant: rbi)","timestamp":"2026-05-31 15:53:01"}
{"level":"info","message":"Orchestrator: No domains found for tenant rbi (excluding those currently scanning).","timestamp":"2026-05-31 15:53:01"}
{"level":"info","message":"📁 Switching to CLIENT database: tenant_sbi (Tenant: sbi)","timestamp":"2026-05-31 15:53:01"}
{"level":"info","message":"Orchestrator: No domains found for tenant sbi (excluding those currently scanning).","timestamp":"2026-05-31 15:53:01"}
{"level":"info","message":"Orchestrator: Master DB connection closed.","timestamp":"2026-05-31 15:53:01"}
{"level":"info","message":"✅ Orchestrator: Finished. Total jobs enqueued: 0","timestamp":"2026-05-31 15:53:01"}
{"level":"info","message":"Job repeat:c10eea93bf68cc56fd5c63b351df3d32:1780222980000 (Orchestrator) completed successfully.","timestamp":"2026-05-31 15:53:01"}
{"level":"info","message":"[Job repeat:c10eea93bf68cc56fd5c63b351df3d32:1780223040000] 🚀 Executing scheduled global orchestration...","timestamp":"2026-05-31 15:54:00"}
{"level":"info","message":"Orchestrator: Starting global scan orchestration... ","timestamp":"2026-05-31 15:54:00"}
{"level":"info","message":"🔗 Connecting to MASTER database: master","timestamp":"2026-05-31 15:54:00"}
{"level":"info","message":"Orchestrator: Found 2 tenants to process.","timestamp":"2026-05-31 15:54:01"}
{"level":"info","message":"📁 Switching to CLIENT database: tenant_rbi (Tenant: rbi)","timestamp":"2026-05-31 15:54:01"}
{"level":"info","message":"Orchestrator: No domains found for tenant rbi (excluding those currently scanning).","timestamp":"2026-05-31 15:54:01"}
{"level":"info","message":"📁 Switching to CLIENT database: tenant_sbi (Tenant: sbi)","timestamp":"2026-05-31 15:54:01"}
{"level":"info","message":"Orchestrator: No domains found for tenant sbi (excluding those currently scanning).","timestamp":"2026-05-31 15:54:01"}
{"level":"info","message":"Orchestrator: Master DB connection closed.","timestamp":"2026-05-31 15:54:01"}
{"level":"info","message":"✅ Orchestrator: Finished. Total jobs enqueued: 0","timestamp":"2026-05-31 15:54:01"}
{"level":"info","message":"Job repeat:c10eea93bf68cc56fd5c63b351df3d32:1780223040000 (Orchestrator) completed successfully.","timestamp":"2026-05-31 15:54:01"}
{"level":"info","message":"[Job repeat:c10eea93bf68cc56fd5c63b351df3d32:1780223100000] 🚀 Executing scheduled global orchestration...","timestamp":"2026-05-31 15:55:00"}
{"level":"info","message":"Orchestrator: Starting global scan orchestration... ","timestamp":"2026-05-31 15:55:00"}
{"level":"info","message":"🔗 Connecting to MASTER database: master","timestamp":"2026-05-31 15:55:00"}
{"level":"info","message":"Orchestrator: Found 2 tenants to process.","timestamp":"2026-05-31 15:55:00"}
{"level":"info","message":"📁 Switching to CLIENT database: tenant_rbi (Tenant: rbi)","timestamp":"2026-05-31 15:55:00"}
{"level":"info","message":"Orchestrator: No domains found for tenant rbi (excluding those currently scanning).","timestamp":"2026-05-31 15:55:01"}
{"level":"info","message":"📁 Switching to CLIENT database: tenant_sbi (Tenant: sbi)","timestamp":"2026-05-31 15:55:01"}
{"level":"info","message":"Orchestrator: No domains found for tenant sbi (excluding those currently scanning).","timestamp":"2026-05-31 15:55:01"}
{"level":"info","message":"Orchestrator: Master DB connection closed.","timestamp":"2026-05-31 15:55:01"}
{"level":"info","message":"✅ Orchestrator: Finished. Total jobs enqueued: 0","timestamp":"2026-05-31 15:55:01"}
{"level":"info","message":"Job repeat:c10eea93bf68cc56fd5c63b351df3d32:1780223100000 (Orchestrator) completed successfully.","timestamp":"2026-05-31 15:55:01"}
{"level":"info","message":"[Job repeat:c10eea93bf68cc56fd5c63b351df3d32:1780223160000] 🚀 Executing scheduled global orchestration...","timestamp":"2026-05-31 15:56:00"}
{"level":"info","message":"Orchestrator: Starting global scan orchestration... ","timestamp":"2026-05-31 15:56:00"}
{"level":"info","message":"🔗 Connecting to MASTER database: master","timestamp":"2026-05-31 15:56:00"}
{"level":"info","message":"Orchestrator: Found 2 tenants to process.","timestamp":"2026-05-31 15:56:01"}
{"level":"info","message":"📁 Switching to CLIENT database: tenant_rbi (Tenant: rbi)","timestamp":"2026-05-31 15:56:01"}
{"level":"info","message":"Orchestrator: No domains found for tenant rbi (excluding those currently scanning).","timestamp":"2026-05-31 15:56:01"}
{"level":"info","message":"📁 Switching to CLIENT database: tenant_sbi (Tenant: sbi)","timestamp":"2026-05-31 15:56:01"}
{"level":"info","message":"Orchestrator: No domains found for tenant sbi (excluding those currently scanning).","timestamp":"2026-05-31 15:56:01"}
{"level":"info","message":"Orchestrator: Master DB connection closed.","timestamp":"2026-05-31 15:56:01"}
{"level":"info","message":"✅ Orchestrator: Finished. Total jobs enqueued: 0","timestamp":"2026-05-31 15:56:01"}
{"level":"info","message":"Job repeat:c10eea93bf68cc56fd5c63b351df3d32:1780223160000 (Orchestrator) completed successfully.","timestamp":"2026-05-31 15:56:01"}
{"level":"info","message":"[Job repeat:c10eea93bf68cc56fd5c63b351df3d32:1780223220000] 🚀 Executing scheduled global orchestration...","timestamp":"2026-05-31 15:57:01"}
{"level":"info","message":"Orchestrator: Starting global scan orchestration... ","timestamp":"2026-05-31 15:57:01"}
{"level":"info","message":"🔗 Connecting to MASTER database: master","timestamp":"2026-05-31 15:57:01"}
{"level":"info","message":"Orchestrator: Found 2 tenants to process.","timestamp":"2026-05-31 15:57:01"}
{"level":"info","message":"📁 Switching to CLIENT database: tenant_rbi (Tenant: rbi)","timestamp":"2026-05-31 15:57:01"}
{"level":"info","message":"Orchestrator: No domains found for tenant rbi (excluding those currently scanning).","timestamp":"2026-05-31 15:57:01"}
{"level":"info","message":"📁 Switching to CLIENT database: tenant_sbi (Tenant: sbi)","timestamp":"2026-05-31 15:57:01"}
{"level":"info","message":"Orchestrator: No domains found for tenant sbi (excluding those currently scanning).","timestamp":"2026-05-31 15:57:01"}
{"level":"info","message":"Orchestrator: Master DB connection closed.","timestamp":"2026-05-31 15:57:01"}
{"level":"info","message":"✅ Orchestrator: Finished. Total jobs enqueued: 0","timestamp":"2026-05-31 15:57:01"}
{"level":"info","message":"Job repeat:c10eea93bf68cc56fd5c63b351df3d32:1780223220000 (Orchestrator) completed successfully.","timestamp":"2026-05-31 15:57:01"}
{"level":"info","message":"[Job repeat:c10eea93bf68cc56fd5c63b351df3d32:1780223280000] 🚀 Executing scheduled global orchestration...","timestamp":"2026-05-31 15:58:00"}
{"level":"info","message":"Orchestrator: Starting global scan orchestration... ","timestamp":"2026-05-31 15:58:00"}
{"level":"info","message":"🔗 Connecting to MASTER database: master","timestamp":"2026-05-31 15:58:00"}
{"level":"info","message":"Orchestrator: Found 2 tenants to process.","timestamp":"2026-05-31 15:58:01"}
{"level":"info","message":"📁 Switching to CLIENT database: tenant_rbi (Tenant: rbi)","timestamp":"2026-05-31 15:58:01"}
{"level":"info","message":"Orchestrator: No domains found for tenant rbi (excluding those currently scanning).","timestamp":"2026-05-31 15:58:01"}
{"level":"info","message":"📁 Switching to CLIENT database: tenant_sbi (Tenant: sbi)","timestamp":"2026-05-31 15:58:01"}
{"level":"info","message":"Orchestrator: No domains found for tenant sbi (excluding those currently scanning).","timestamp":"2026-05-31 15:58:01"}
{"level":"info","message":"Orchestrator: Master DB connection closed.","timestamp":"2026-05-31 15:58:01"}
{"level":"info","message":"✅ Orchestrator: Finished. Total jobs enqueued: 0","timestamp":"2026-05-31 15:58:01"}
{"level":"info","message":"Job repeat:c10eea93bf68cc56fd5c63b351df3d32:1780223280000 (Orchestrator) completed successfully.","timestamp":"2026-05-31 15:58:01"}
{"level":"info","message":"[Job repeat:c10eea93bf68cc56fd5c63b351df3d32:1780223340000] 🚀 Executing scheduled global orchestration...","timestamp":"2026-05-31 15:59:00"}
{"level":"info","message":"Orchestrator: Starting global scan orchestration... ","timestamp":"2026-05-31 15:59:00"}
{"level":"info","message":"🔗 Connecting to MASTER database: master","timestamp":"2026-05-31 15:59:00"}
{"level":"info","message":"Orchestrator: Found 2 tenants to process.","timestamp":"2026-05-31 15:59:01"}
{"level":"info","message":"📁 Switching to CLIENT database: tenant_rbi (Tenant: rbi)","timestamp":"2026-05-31 15:59:01"}
{"level":"info","message":"Orchestrator: No domains found for tenant rbi (excluding those currently scanning).","timestamp":"2026-05-31 15:59:01"}
{"level":"info","message":"📁 Switching to CLIENT database: tenant_sbi (Tenant: sbi)","timestamp":"2026-05-31 15:59:01"}
{"level":"info","message":"Orchestrator: No domains found for tenant sbi (excluding those currently scanning).","timestamp":"2026-05-31 15:59:01"}
{"level":"info","message":"Orchestrator: Master DB connection closed.","timestamp":"2026-05-31 15:59:01"}
{"level":"info","message":"✅ Orchestrator: Finished. Total jobs enqueued: 0","timestamp":"2026-05-31 15:59:01"}
{"level":"info","message":"Job repeat:c10eea93bf68cc56fd5c63b351df3d32:1780223340000 (Orchestrator) completed successfully.","timestamp":"2026-05-31 15:59:01"}
{"level":"info","message":"[Job repeat:c10eea93bf68cc56fd5c63b351df3d32:1780223400000] 🚀 Executing scheduled global orchestration...","timestamp":"2026-05-31 16:00:00"}
{"level":"info","message":"Orchestrator: Starting global scan orchestration... ","timestamp":"2026-05-31 16:00:00"}
{"level":"info","message":"🔗 Connecting to MASTER database: master","timestamp":"2026-05-31 16:00:00"}
{"level":"info","message":"Orchestrator: Found 2 tenants to process.","timestamp":"2026-05-31 16:00:00"}
{"level":"info","message":"📁 Switching to CLIENT database: tenant_rbi (Tenant: rbi)","timestamp":"2026-05-31 16:00:00"}
{"level":"info","message":"Orchestrator: No domains found for tenant rbi (excluding those currently scanning).","timestamp":"2026-05-31 16:00:00"}
{"level":"info","message":"📁 Switching to CLIENT database: tenant_sbi (Tenant: sbi)","timestamp":"2026-05-31 16:00:00"}
{"level":"info","message":"Orchestrator: No domains found for tenant sbi (excluding those currently scanning).","timestamp":"2026-05-31 16:00:00"}
{"level":"info","message":"Orchestrator: Master DB connection closed.","timestamp":"2026-05-31 16:00:00"}
{"level":"info","message":"✅ Orchestrator: Finished. Total jobs enqueued: 0","timestamp":"2026-05-31 16:00:00"}
{"level":"info","message":"Job repeat:c10eea93bf68cc56fd5c63b351df3d32:1780223400000 (Orchestrator) completed successfully.","timestamp":"2026-05-31 16:00:00"}
{"level":"info","message":"[Job repeat:c10eea93bf68cc56fd5c63b351df3d32:1780223460000] 🚀 Executing scheduled global orchestration...","timestamp":"2026-05-31 16:01:00"}
{"level":"info","message":"Orchestrator: Starting global scan orchestration... ","timestamp":"2026-05-31 16:01:00"}
{"level":"info","message":"🔗 Connecting to MASTER database: master","timestamp":"2026-05-31 16:01:00"}
{"level":"info","message":"Orchestrator: Found 2 tenants to process.","timestamp":"2026-05-31 16:01:01"}
{"level":"info","message":"📁 Switching to CLIENT database: tenant_rbi (Tenant: rbi)","timestamp":"2026-05-31 16:01:01"}
{"level":"info","message":"Orchestrator: No domains found for tenant rbi (excluding those currently scanning).","timestamp":"2026-05-31 16:01:01"}
{"level":"info","message":"📁 Switching to CLIENT database: tenant_sbi (Tenant: sbi)","timestamp":"2026-05-31 16:01:01"}
{"level":"info","message":"Orchestrator: No domains found for tenant sbi (excluding those currently scanning).","timestamp":"2026-05-31 16:01:01"}
{"level":"info","message":"Orchestrator: Master DB connection closed.","timestamp":"2026-05-31 16:01:01"}
{"level":"info","message":"✅ Orchestrator: Finished. Total jobs enqueued: 0","timestamp":"2026-05-31 16:01:01"}
{"level":"info","message":"Job repeat:c10eea93bf68cc56fd5c63b351df3d32:1780223460000 (Orchestrator) completed successfully.","timestamp":"2026-05-31 16:01:01"}
{"level":"info","message":"[Job repeat:c10eea93bf68cc56fd5c63b351df3d32:1780223520000] 🚀 Executing scheduled global orchestration...","timestamp":"2026-05-31 16:02:00"}
{"level":"info","message":"Orchestrator: Starting global scan orchestration... ","timestamp":"2026-05-31 16:02:00"}
{"level":"info","message":"🔗 Connecting to MASTER database: master","timestamp":"2026-05-31 16:02:00"}
{"level":"info","message":"Orchestrator: Found 2 tenants to process.","timestamp":"2026-05-31 16:02:01"}
{"level":"info","message":"📁 Switching to CLIENT database: tenant_rbi (Tenant: rbi)","timestamp":"2026-05-31 16:02:01"}
{"level":"info","message":"Orchestrator: No domains found for tenant rbi (excluding those currently scanning).","timestamp":"2026-05-31 16:02:01"}
{"level":"info","message":"📁 Switching to CLIENT database: tenant_sbi (Tenant: sbi)","timestamp":"2026-05-31 16:02:01"}
{"level":"info","message":"Orchestrator: No domains found for tenant sbi (excluding those currently scanning).","timestamp":"2026-05-31 16:02:01"}
{"level":"info","message":"Orchestrator: Master DB connection closed.","timestamp":"2026-05-31 16:02:01"}
{"level":"info","message":"✅ Orchestrator: Finished. Total jobs enqueued: 0","timestamp":"2026-05-31 16:02:01"}
{"level":"info","message":"Job repeat:c10eea93bf68cc56fd5c63b351df3d32:1780223520000 (Orchestrator) completed successfully.","timestamp":"2026-05-31 16:02:01"}
{"level":"info","message":"[Job repeat:c10eea93bf68cc56fd5c63b351df3d32:1780223580000] 🚀 Executing scheduled global orchestration...","timestamp":"2026-05-31 16:03:00"}
{"level":"info","message":"Orchestrator: Starting global scan orchestration... ","timestamp":"2026-05-31 16:03:00"}
{"level":"info","message":"🔗 Connecting to MASTER database: master","timestamp":"2026-05-31 16:03:00"}
{"level":"info","message":"Orchestrator: Found 2 tenants to process.","timestamp":"2026-05-31 16:03:00"}
{"level":"info","message":"📁 Switching to CLIENT database: tenant_rbi (Tenant: rbi)","timestamp":"2026-05-31 16:03:00"}
{"level":"info","message":"Orchestrator: No domains found for tenant rbi (excluding those currently scanning).","timestamp":"2026-05-31 16:03:01"}
{"level":"info","message":"📁 Switching to CLIENT database: tenant_sbi (Tenant: sbi)","timestamp":"2026-05-31 16:03:01"}
{"level":"info","message":"Orchestrator: No domains found for tenant sbi (excluding those currently scanning).","timestamp":"2026-05-31 16:03:01"}
{"level":"info","message":"Orchestrator: Master DB connection closed.","timestamp":"2026-05-31 16:03:01"}
{"level":"info","message":"✅ Orchestrator: Finished. Total jobs enqueued: 0","timestamp":"2026-05-31 16:03:01"}
{"level":"info","message":"Job repeat:c10eea93bf68cc56fd5c63b351df3d32:1780223580000 (Orchestrator) completed successfully.","timestamp":"2026-05-31 16:03:01"}
{"level":"info","message":"[Job repeat:c10eea93bf68cc56fd5c63b351df3d32:1780223640000] 🚀 Executing scheduled global orchestration...","timestamp":"2026-05-31 16:04:00"}
{"level":"info","message":"Orchestrator: Starting global scan orchestration... ","timestamp":"2026-05-31 16:04:00"}
{"level":"info","message":"🔗 Connecting to MASTER database: master","timestamp":"2026-05-31 16:04:00"}
{"level":"info","message":"Orchestrator: Found 2 tenants to process.","timestamp":"2026-05-31 16:04:01"}
{"level":"info","message":"📁 Switching to CLIENT database: tenant_rbi (Tenant: rbi)","timestamp":"2026-05-31 16:04:01"}
{"level":"info","message":"Orchestrator: No domains found for tenant rbi (excluding those currently scanning).","timestamp":"2026-05-31 16:04:01"}
{"level":"info","message":"📁 Switching to CLIENT database: tenant_sbi (Tenant: sbi)","timestamp":"2026-05-31 16:04:01"}
{"level":"info","message":"Orchestrator: No domains found for tenant sbi (excluding those currently scanning).","timestamp":"2026-05-31 16:04:01"}
{"level":"info","message":"Orchestrator: Master DB connection closed.","timestamp":"2026-05-31 16:04:01"}
{"level":"info","message":"✅ Orchestrator: Finished. Total jobs enqueued: 0","timestamp":"2026-05-31 16:04:01"}
{"level":"info","message":"Job repeat:c10eea93bf68cc56fd5c63b351df3d32:1780223640000 (Orchestrator) completed successfully.","timestamp":"2026-05-31 16:04:01"}
{"level":"info","message":"[Job repeat:c10eea93bf68cc56fd5c63b351df3d32:1780223700000] 🚀 Executing scheduled global orchestration...","timestamp":"2026-05-31 16:05:00"}
{"level":"info","message":"Orchestrator: Starting global scan orchestration... ","timestamp":"2026-05-31 16:05:00"}
{"level":"info","message":"🔗 Connecting to MASTER database: master","timestamp":"2026-05-31 16:05:00"}
{"level":"info","message":"Orchestrator: Found 2 tenants to process.","timestamp":"2026-05-31 16:05:01"}
{"level":"info","message":"📁 Switching to CLIENT database: tenant_rbi (Tenant: rbi)","timestamp":"2026-05-31 16:05:01"}
{"level":"info","message":"Orchestrator: No domains found for tenant rbi (excluding those currently scanning).","timestamp":"2026-05-31 16:05:01"}
{"level":"info","message":"📁 Switching to CLIENT database: tenant_sbi (Tenant: sbi)","timestamp":"2026-05-31 16:05:01"}
{"level":"info","message":"Orchestrator: No domains found for tenant sbi (excluding those currently scanning).","timestamp":"2026-05-31 16:05:01"}
{"level":"info","message":"Orchestrator: Master DB connection closed.","timestamp":"2026-05-31 16:05:01"}
{"level":"info","message":"✅ Orchestrator: Finished. Total jobs enqueued: 0","timestamp":"2026-05-31 16:05:01"}
{"level":"info","message":"Job repeat:c10eea93bf68cc56fd5c63b351df3d32:1780223700000 (Orchestrator) completed successfully.","timestamp":"2026-05-31 16:05:01"}
{"level":"info","message":"[Job repeat:c10eea93bf68cc56fd5c63b351df3d32:1780223760000] 🚀 Executing scheduled global orchestration...","timestamp":"2026-05-31 16:06:00"}
{"level":"info","message":"Orchestrator: Starting global scan orchestration... ","timestamp":"2026-05-31 16:06:00"}
{"level":"info","message":"🔗 Connecting to MASTER database: master","timestamp":"2026-05-31 16:06:00"}
{"level":"info","message":"Orchestrator: Found 2 tenants to process.","timestamp":"2026-05-31 16:06:00"}
{"level":"info","message":"📁 Switching to CLIENT database: tenant_rbi (Tenant: rbi)","timestamp":"2026-05-31 16:06:00"}
{"level":"info","message":"Orchestrator: No domains found for tenant rbi (excluding those currently scanning).","timestamp":"2026-05-31 16:06:01"}
{"level":"info","message":"📁 Switching to CLIENT database: tenant_sbi (Tenant: sbi)","timestamp":"2026-05-31 16:06:01"}
{"level":"info","message":"Orchestrator: No domains found for tenant sbi (excluding those currently scanning).","timestamp":"2026-05-31 16:06:01"}
{"level":"info","message":"Orchestrator: Master DB connection closed.","timestamp":"2026-05-31 16:06:01"}
{"level":"info","message":"✅ Orchestrator: Finished. Total jobs enqueued: 0","timestamp":"2026-05-31 16:06:01"}
{"level":"info","message":"Job repeat:c10eea93bf68cc56fd5c63b351df3d32:1780223760000 (Orchestrator) completed successfully.","timestamp":"2026-05-31 16:06:01"}
{"level":"info","message":"[Job repeat:c10eea93bf68cc56fd5c63b351df3d32:1780223820000] 🚀 Executing scheduled global orchestration...","timestamp":"2026-05-31 16:07:00"}
{"level":"info","message":"Orchestrator: Starting global scan orchestration... ","timestamp":"2026-05-31 16:07:00"}
{"level":"info","message":"🔗 Connecting to MASTER database: master","timestamp":"2026-05-31 16:07:00"}
{"level":"info","message":"Orchestrator: Found 2 tenants to process.","timestamp":"2026-05-31 16:07:01"}
{"level":"info","message":"📁 Switching to CLIENT database: tenant_rbi (Tenant: rbi)","timestamp":"2026-05-31 16:07:01"}
{"level":"info","message":"Orchestrator: No domains found for tenant rbi (excluding those currently scanning).","timestamp":"2026-05-31 16:07:01"}
{"level":"info","message":"📁 Switching to CLIENT database: tenant_sbi (Tenant: sbi)","timestamp":"2026-05-31 16:07:01"}
{"level":"info","message":"Orchestrator: No domains found for tenant sbi (excluding those currently scanning).","timestamp":"2026-05-31 16:07:01"}
{"level":"info","message":"Orchestrator: Master DB connection closed.","timestamp":"2026-05-31 16:07:01"}
{"level":"info","message":"✅ Orchestrator: Finished. Total jobs enqueued: 0","timestamp":"2026-05-31 16:07:01"}
{"level":"info","message":"Job repeat:c10eea93bf68cc56fd5c63b351df3d32:1780223820000 (Orchestrator) completed successfully.","timestamp":"2026-05-31 16:07:01"}
{"level":"info","message":"[Job repeat:c10eea93bf68cc56fd5c63b351df3d32:1780223880000] 🚀 Executing scheduled global orchestration...","timestamp":"2026-05-31 16:08:01"}
{"level":"info","message":"Orchestrator: Starting global scan orchestration... ","timestamp":"2026-05-31 16:08:01"}
{"level":"info","message":"🔗 Connecting to MASTER database: master","timestamp":"2026-05-31 16:08:01"}
{"level":"info","message":"Orchestrator: Found 2 tenants to process.","timestamp":"2026-05-31 16:08:01"}
{"level":"info","message":"📁 Switching to CLIENT database: tenant_rbi (Tenant: rbi)","timestamp":"2026-05-31 16:08:01"}
{"level":"info","message":"Orchestrator: No domains found for tenant rbi (excluding those currently scanning).","timestamp":"2026-05-31 16:08:01"}
{"level":"info","message":"📁 Switching to CLIENT database: tenant_sbi (Tenant: sbi)","timestamp":"2026-05-31 16:08:01"}
{"level":"info","message":"Orchestrator: No domains found for tenant sbi (excluding those currently scanning).","timestamp":"2026-05-31 16:08:01"}
{"level":"info","message":"Orchestrator: Master DB connection closed.","timestamp":"2026-05-31 16:08:01"}
{"level":"info","message":"✅ Orchestrator: Finished. Total jobs enqueued: 0","timestamp":"2026-05-31 16:08:01"}
{"level":"info","message":"Job repeat:c10eea93bf68cc56fd5c63b351df3d32:1780223880000 (Orchestrator) completed successfully.","timestamp":"2026-05-31 16:08:01"}
{"level":"info","message":"[Job repeat:c10eea93bf68cc56fd5c63b351df3d32:1780223940000] 🚀 Executing scheduled global orchestration...","timestamp":"2026-05-31 16:09:00"}
{"level":"info","message":"Orchestrator: Starting global scan orchestration... ","timestamp":"2026-05-31 16:09:00"}
{"level":"info","message":"🔗 Connecting to MASTER database: master","timestamp":"2026-05-31 16:09:00"}
{"level":"info","message":"Orchestrator: Found 2 tenants to process.","timestamp":"2026-05-31 16:09:01"}
{"level":"info","message":"📁 Switching to CLIENT database: tenant_rbi (Tenant: rbi)","timestamp":"2026-05-31 16:09:01"}
{"level":"info","message":"Orchestrator: No domains found for tenant rbi (excluding those currently scanning).","timestamp":"2026-05-31 16:09:01"}
{"level":"info","message":"📁 Switching to CLIENT database: tenant_sbi (Tenant: sbi)","timestamp":"2026-05-31 16:09:01"}
{"level":"info","message":"Orchestrator: No domains found for tenant sbi (excluding those currently scanning).","timestamp":"2026-05-31 16:09:01"}
{"level":"info","message":"Orchestrator: Master DB connection closed.","timestamp":"2026-05-31 16:09:01"}
{"level":"info","message":"✅ Orchestrator: Finished. Total jobs enqueued: 0","timestamp":"2026-05-31 16:09:01"}
{"level":"info","message":"Job repeat:c10eea93bf68cc56fd5c63b351df3d32:1780223940000 (Orchestrator) completed successfully.","timestamp":"2026-05-31 16:09:01"}
{"level":"info","message":"[Job repeat:c10eea93bf68cc56fd5c63b351df3d32:1780224000000] 🚀 Executing scheduled global orchestration...","timestamp":"2026-05-31 16:10:00"}
{"level":"info","message":"Orchestrator: Starting global scan orchestration... ","timestamp":"2026-05-31 16:10:00"}
{"level":"info","message":"🔗 Connecting to MASTER database: master","timestamp":"2026-05-31 16:10:00"}
{"level":"info","message":"Orchestrator: Found 2 tenants to process.","timestamp":"2026-05-31 16:10:01"}
{"level":"info","message":"📁 Switching to CLIENT database: tenant_rbi (Tenant: rbi)","timestamp":"2026-05-31 16:10:01"}
{"level":"info","message":"Orchestrator: No domains found for tenant rbi (excluding those currently scanning).","timestamp":"2026-05-31 16:10:01"}
{"level":"info","message":"📁 Switching to CLIENT database: tenant_sbi (Tenant: sbi)","timestamp":"2026-05-31 16:10:01"}
{"level":"info","message":"Orchestrator: No domains found for tenant sbi (excluding those currently scanning).","timestamp":"2026-05-31 16:10:01"}
{"level":"info","message":"Orchestrator: Master DB connection closed.","timestamp":"2026-05-31 16:10:01"}
{"level":"info","message":"✅ Orchestrator: Finished. Total jobs enqueued: 0","timestamp":"2026-05-31 16:10:01"}
{"level":"info","message":"Job repeat:c10eea93bf68cc56fd5c63b351df3d32:1780224000000 (Orchestrator) completed successfully.","timestamp":"2026-05-31 16:10:01"}
{"level":"info","message":"[Job repeat:c10eea93bf68cc56fd5c63b351df3d32:1780224060000] 🚀 Executing scheduled global orchestration...","timestamp":"2026-05-31 16:11:00"}
{"level":"info","message":"Orchestrator: Starting global scan orchestration... ","timestamp":"2026-05-31 16:11:00"}
{"level":"info","message":"🔗 Connecting to MASTER database: master","timestamp":"2026-05-31 16:11:00"}
{"level":"info","message":"Orchestrator: Found 2 tenants to process.","timestamp":"2026-05-31 16:11:00"}
{"level":"info","message":"📁 Switching to CLIENT database: tenant_rbi (Tenant: rbi)","timestamp":"2026-05-31 16:11:00"}
{"level":"info","message":"Orchestrator: No domains found for tenant rbi (excluding those currently scanning).","timestamp":"2026-05-31 16:11:00"}
{"level":"info","message":"📁 Switching to CLIENT database: tenant_sbi (Tenant: sbi)","timestamp":"2026-05-31 16:11:00"}
{"level":"info","message":"Orchestrator: No domains found for tenant sbi (excluding those currently scanning).","timestamp":"2026-05-31 16:11:00"}
{"level":"info","message":"Orchestrator: Master DB connection closed.","timestamp":"2026-05-31 16:11:00"}
{"level":"info","message":"✅ Orchestrator: Finished. Total jobs enqueued: 0","timestamp":"2026-05-31 16:11:00"}
{"level":"info","message":"Job repeat:c10eea93bf68cc56fd5c63b351df3d32:1780224060000 (Orchestrator) completed successfully.","timestamp":"2026-05-31 16:11:00"}
{"level":"info","message":"[Job repeat:c10eea93bf68cc56fd5c63b351df3d32:1780224120000] 🚀 Executing scheduled global orchestration...","timestamp":"2026-05-31 16:12:00"}
{"level":"info","message":"Orchestrator: Starting global scan orchestration... ","timestamp":"2026-05-31 16:12:00"}
{"level":"info","message":"🔗 Connecting to MASTER database: master","timestamp":"2026-05-31 16:12:00"}
{"level":"info","message":"Orchestrator: Found 2 tenants to process.","timestamp":"2026-05-31 16:12:01"}
{"level":"info","message":"📁 Switching to CLIENT database: tenant_rbi (Tenant: rbi)","timestamp":"2026-05-31 16:12:01"}
{"level":"info","message":"Orchestrator: No domains found for tenant rbi (excluding those currently scanning).","timestamp":"2026-05-31 16:12:01"}
{"level":"info","message":"📁 Switching to CLIENT database: tenant_sbi (Tenant: sbi)","timestamp":"2026-05-31 16:12:01"}
{"level":"info","message":"Orchestrator: No domains found for tenant sbi (excluding those currently scanning).","timestamp":"2026-05-31 16:12:01"}
{"level":"info","message":"Orchestrator: Master DB connection closed.","timestamp":"2026-05-31 16:12:01"}
{"level":"info","message":"✅ Orchestrator: Finished. Total jobs enqueued: 0","timestamp":"2026-05-31 16:12:01"}
{"level":"info","message":"Job repeat:c10eea93bf68cc56fd5c63b351df3d32:1780224120000 (Orchestrator) completed successfully.","timestamp":"2026-05-31 16:12:01"}
{"level":"info","message":"SIGINT signal received. Closing resources...","timestamp":"2026-05-31 16:12:54"}
